Archive member included to satisfy reference by file (symbol)

../lib/librob.a(commun.o)     main.o (_ZN6commun8delai_msEj)
../lib/librob.a(display.o)    robot.o (_ZN7DisplayC1Ev)
../lib/librob.a(del.o)        main.o (_ZN3DELC1Ev)
../lib/librob.a(interrupt.o)  main.o (_ZN9Interrupt15isButtonPressedEv)
../lib/librob.a(SuiveurLigneCytron_LSS05.o)
                              main.o (_ZN24SuiveurLigneCytron_LSS05C1Ev)
../lib/librob.a(moteur.o)     main.o (_ZN6MoteurC1Ev)
../lib/librob.a(lcm_so1602dtr_m.o)
                              ../lib/librob.a(display.o) (_Z15lcmd_disp_clearPVh)
/usr/lib/gcc/avr/7.4.0/avr5/libgcc.a(_exit.o)
                              /usr/lib/gcc/avr/7.4.0/../../../../avr/lib/avr5/crtatmega324pa.o (exit)
/usr/lib/gcc/avr/7.4.0/avr5/libgcc.a(_copy_data.o)
                              main.o (__do_copy_data)
/usr/lib/gcc/avr/7.4.0/avr5/libgcc.a(_clear_bss.o)
                              main.o (__do_clear_bss)
/usr/lib/gcc/avr/7.4.0/avr5/libgcc.a(_ctors.o)
                              main.o (__do_global_ctors)
/usr/lib/gcc/avr/7.4.0/avr5/libgcc.a(_tablejump2.o)
                              /usr/lib/gcc/avr/7.4.0/avr5/libgcc.a(_ctors.o) (__tablejump2__)
/usr/lib/gcc/avr/7.4.0/../../../../avr/lib/avr5/libm.a(divsf3.o)
                              ../lib/librob.a(moteur.o) (__divsf3)
/usr/lib/gcc/avr/7.4.0/../../../../avr/lib/avr5/libm.a(divsf3x.o)
                              /usr/lib/gcc/avr/7.4.0/../../../../avr/lib/avr5/libm.a(divsf3.o) (__divsf3x)
/usr/lib/gcc/avr/7.4.0/../../../../avr/lib/avr5/libm.a(fixunssfsi.o)
                              ../lib/librob.a(moteur.o) (__fixunssfsi)
/usr/lib/gcc/avr/7.4.0/../../../../avr/lib/avr5/libm.a(fp_inf.o)
                              /usr/lib/gcc/avr/7.4.0/../../../../avr/lib/avr5/libm.a(divsf3x.o) (__fp_inf)
/usr/lib/gcc/avr/7.4.0/../../../../avr/lib/avr5/libm.a(fp_nan.o)
                              /usr/lib/gcc/avr/7.4.0/../../../../avr/lib/avr5/libm.a(divsf3x.o) (__fp_nan)
/usr/lib/gcc/avr/7.4.0/../../../../avr/lib/avr5/libm.a(fp_pscA.o)
                              /usr/lib/gcc/avr/7.4.0/../../../../avr/lib/avr5/libm.a(divsf3x.o) (__fp_pscA)
/usr/lib/gcc/avr/7.4.0/../../../../avr/lib/avr5/libm.a(fp_pscB.o)
                              /usr/lib/gcc/avr/7.4.0/../../../../avr/lib/avr5/libm.a(divsf3x.o) (__fp_pscB)
/usr/lib/gcc/avr/7.4.0/../../../../avr/lib/avr5/libm.a(fp_round.o)
                              /usr/lib/gcc/avr/7.4.0/../../../../avr/lib/avr5/libm.a(divsf3.o) (__fp_round)
/usr/lib/gcc/avr/7.4.0/../../../../avr/lib/avr5/libm.a(fp_split3.o)
                              /usr/lib/gcc/avr/7.4.0/../../../../avr/lib/avr5/libm.a(divsf3x.o) (__fp_split3)
/usr/lib/gcc/avr/7.4.0/../../../../avr/lib/avr5/libm.a(fp_zero.o)
                              /usr/lib/gcc/avr/7.4.0/../../../../avr/lib/avr5/libm.a(fixunssfsi.o) (__fp_zero)
/usr/lib/gcc/avr/7.4.0/../../../../avr/lib/avr5/libm.a(mulsf3.o)
                              ../lib/librob.a(moteur.o) (__mulsf3)
/usr/lib/gcc/avr/7.4.0/../../../../avr/lib/avr5/libm.a(mulsf3x.o)
                              /usr/lib/gcc/avr/7.4.0/../../../../avr/lib/avr5/libm.a(mulsf3.o) (__mulsf3x)

Memory Configuration

Name             Origin             Length             Attributes
text             0x0000000000000000 0x0000000000020000 xr
data             0x0000000000800060 0x000000000000ffa0 rw !x
eeprom           0x0000000000810000 0x0000000000010000 rw !x
fuse             0x0000000000820000 0x0000000000000003 rw !x
lock             0x0000000000830000 0x0000000000000400 rw !x
signature        0x0000000000840000 0x0000000000000400 rw !x
user_signatures  0x0000000000850000 0x0000000000000400 rw !x
*default*        0x0000000000000000 0xffffffffffffffff

Linker script and memory map

Address of section .data set to 0x800100
LOAD /usr/lib/gcc/avr/7.4.0/../../../../avr/lib/avr5/crtatmega324pa.o
LOAD main.o
LOAD robot.o
LOAD /usr/lib/gcc/avr/7.4.0/../../../../avr/lib/avr5/libm.a
LOAD ../lib/librob.a
START GROUP
LOAD /usr/lib/gcc/avr/7.4.0/avr5/libgcc.a
LOAD /usr/lib/gcc/avr/7.4.0/../../../../avr/lib/avr5/libm.a
LOAD /usr/lib/gcc/avr/7.4.0/../../../../avr/lib/avr5/libc.a
LOAD /usr/lib/gcc/avr/7.4.0/../../../../avr/lib/avr5/libatmega324pa.a
END GROUP
                0x0000000000020000                __TEXT_REGION_LENGTH__ = DEFINED (__TEXT_REGION_LENGTH__)?__TEXT_REGION_LENGTH__:0x20000
                0x000000000000ffa0                __DATA_REGION_LENGTH__ = DEFINED (__DATA_REGION_LENGTH__)?__DATA_REGION_LENGTH__:0xffa0
                0x0000000000010000                __EEPROM_REGION_LENGTH__ = DEFINED (__EEPROM_REGION_LENGTH__)?__EEPROM_REGION_LENGTH__:0x10000
                [0x0000000000000003]                __FUSE_REGION_LENGTH__ = DEFINED (__FUSE_REGION_LENGTH__)?__FUSE_REGION_LENGTH__:0x400
                0x0000000000000400                __LOCK_REGION_LENGTH__ = DEFINED (__LOCK_REGION_LENGTH__)?__LOCK_REGION_LENGTH__:0x400
                0x0000000000000400                __SIGNATURE_REGION_LENGTH__ = DEFINED (__SIGNATURE_REGION_LENGTH__)?__SIGNATURE_REGION_LENGTH__:0x400
                0x0000000000000400                __USER_SIGNATURE_REGION_LENGTH__ = DEFINED (__USER_SIGNATURE_REGION_LENGTH__)?__USER_SIGNATURE_REGION_LENGTH__:0x400

.hash
 *(.hash)

.dynsym
 *(.dynsym)

.dynstr
 *(.dynstr)

.gnu.version
 *(.gnu.version)

.gnu.version_d
 *(.gnu.version_d)

.gnu.version_r
 *(.gnu.version_r)

.rel.init
 *(.rel.init)

.rela.init
 *(.rela.init)

.rel.text
 *(.rel.text)
 *(.rel.text.*)
 *(.rel.gnu.linkonce.t*)

.rela.text
 *(.rela.text)
 *(.rela.text.*)
 *(.rela.gnu.linkonce.t*)

.rel.fini
 *(.rel.fini)

.rela.fini
 *(.rela.fini)

.rel.rodata
 *(.rel.rodata)
 *(.rel.rodata.*)
 *(.rel.gnu.linkonce.r*)

.rela.rodata
 *(.rela.rodata)
 *(.rela.rodata.*)
 *(.rela.gnu.linkonce.r*)

.rel.data
 *(.rel.data)
 *(.rel.data.*)
 *(.rel.gnu.linkonce.d*)

.rela.data
 *(.rela.data)
 *(.rela.data.*)
 *(.rela.gnu.linkonce.d*)

.rel.ctors
 *(.rel.ctors)

.rela.ctors
 *(.rela.ctors)

.rel.dtors
 *(.rel.dtors)

.rela.dtors
 *(.rela.dtors)

.rel.got
 *(.rel.got)

.rela.got
 *(.rela.got)

.rel.bss
 *(.rel.bss)

.rela.bss
 *(.rela.bss)

.rel.plt
 *(.rel.plt)

.rela.plt
 *(.rela.plt)

.text           0x0000000000000000      0xdf8
 *(.vectors)
 .vectors       0x0000000000000000       0x7c /usr/lib/gcc/avr/7.4.0/../../../../avr/lib/avr5/crtatmega324pa.o
                0x0000000000000000                __vectors
                0x0000000000000000                __vector_default
 *(.vectors)
 *(.progmem.gcc*)
                0x000000000000007c                . = ALIGN (0x2)
                0x000000000000007c                __trampolines_start = .
 *(.trampolines)
 .trampolines   0x000000000000007c        0x0 linker stubs
 *(.trampolines*)
                0x000000000000007c                __trampolines_end = .
 *libprintf_flt.a:*(.progmem.data)
 *libc.a:*(.progmem.data)
 *(.progmem.*)
                0x000000000000007c                . = ALIGN (0x2)
 *(.lowtext)
 *(.lowtext*)
                0x000000000000007c                __ctors_start = .
 *(.ctors)
 .ctors         0x000000000000007c        0x2 main.o
                0x000000000000007e                __ctors_end = .
                0x000000000000007e                __dtors_start = .
 *(.dtors)
                0x000000000000007e                __dtors_end = .
 SORT_BY_NAME(*)(.ctors)
 SORT_BY_NAME(*)(.dtors)
 *(.init0)
 .init0         0x000000000000007e        0x0 /usr/lib/gcc/avr/7.4.0/../../../../avr/lib/avr5/crtatmega324pa.o
                0x000000000000007e                __init
 *(.init0)
 *(.init1)
 *(.init1)
 *(.init2)
 .init2         0x000000000000007e        0xc /usr/lib/gcc/avr/7.4.0/../../../../avr/lib/avr5/crtatmega324pa.o
 *(.init2)
 *(.init3)
 *(.init3)
 *(.init4)
 .init4         0x000000000000008a       0x16 /usr/lib/gcc/avr/7.4.0/avr5/libgcc.a(_copy_data.o)
                0x000000000000008a                __do_copy_data
 .init4         0x00000000000000a0       0x10 /usr/lib/gcc/avr/7.4.0/avr5/libgcc.a(_clear_bss.o)
                0x00000000000000a0                __do_clear_bss
 *(.init4)
 *(.init5)
 *(.init5)
 *(.init6)
 .init6         0x00000000000000b0       0x16 /usr/lib/gcc/avr/7.4.0/avr5/libgcc.a(_ctors.o)
                0x00000000000000b0                __do_global_ctors
 *(.init6)
 *(.init7)
 *(.init7)
 *(.init8)
 *(.init8)
 *(.init9)
 .init9         0x00000000000000c6        0x8 /usr/lib/gcc/avr/7.4.0/../../../../avr/lib/avr5/crtatmega324pa.o
 *(.init9)
 *(.text)
 .text          0x00000000000000ce        0x4 /usr/lib/gcc/avr/7.4.0/../../../../avr/lib/avr5/crtatmega324pa.o
                0x00000000000000ce                __vector_22
                0x00000000000000ce                __vector_28
                0x00000000000000ce                __vector_24
                0x00000000000000ce                __vector_12
                0x00000000000000ce                __bad_interrupt
                0x00000000000000ce                __vector_6
                0x00000000000000ce                __vector_3
                0x00000000000000ce                __vector_23
                0x00000000000000ce                __vector_30
                0x00000000000000ce                __vector_25
                0x00000000000000ce                __vector_11
                0x00000000000000ce                __vector_13
                0x00000000000000ce                __vector_17
                0x00000000000000ce                __vector_19
                0x00000000000000ce                __vector_7
                0x00000000000000ce                __vector_27
                0x00000000000000ce                __vector_5
                0x00000000000000ce                __vector_4
                0x00000000000000ce                __vector_9
                0x00000000000000ce                __vector_21
                0x00000000000000ce                __vector_15
                0x00000000000000ce                __vector_29
                0x00000000000000ce                __vector_8
                0x00000000000000ce                __vector_26
                0x00000000000000ce                __vector_14
                0x00000000000000ce                __vector_10
                0x00000000000000ce                __vector_16
                0x00000000000000ce                __vector_18
                0x00000000000000ce                __vector_20
 .text          0x00000000000000d2       0xc6 main.o
                0x00000000000000d2                __vector_2
                0x000000000000013a                __vector_1
 .text          0x0000000000000198      0x146 robot.o
                0x0000000000000198                _ZN5RobotC1Ev
                0x0000000000000198                _ZN5RobotC2Ev
                0x00000000000001bc                _ZN5Robot17setSectionInitialE7Section
                0x00000000000001c4                _ZN5Robot15afficherSectionEv
                0x0000000000000200                _ZN5Robot21effectuerRoutineDebutEv
                0x0000000000000208                _ZN5Robot11changerEtatEv
                0x000000000000024a                _ZN5Robot11changerEtatE7Section
                0x0000000000000250                _ZN5Robot11estTermineeEv
                0x0000000000000256                _ZN5Robot17effectuerCouloir_Ev
                0x0000000000000258                _ZN5Robot13effectuerMur_Ev
                0x000000000000025a                _ZN5Robot17effectuerBoucles_Ev
                0x000000000000025c                _ZN5Robot18effectuerCoupures_Ev
                0x000000000000025e                _ZN5Robot13effectuerFin_Ev
                0x000000000000026a                _ZN5Robot20effectuerTransition_E10Transition
                0x00000000000002a2                _ZN5Robot13effectuerEtatEv
 .text          0x00000000000002de       0x38 ../lib/librob.a(commun.o)
                0x00000000000002de                _ZN6commun8delai_msEj
                0x00000000000002fc                _ZN6commun8delai_usEj
 .text          0x0000000000000316       0x8e ../lib/librob.a(display.o)
                0x0000000000000316                _ZN7DisplayC1Ev
                0x0000000000000316                _ZN7DisplayC2Ev
                0x0000000000000334                _ZN7DisplayC1EPVhS1_
                0x0000000000000334                _ZN7DisplayC2EPVhS1_
                0x000000000000034a                _ZN7Display11initDisplayEPVhS1_
                0x0000000000000356                _ZN7Display16effacerAffichageEv
                0x0000000000000360                _ZN7Display6ecrireEPKc
 .text          0x00000000000003a4      0x1be ../lib/librob.a(del.o)
                0x00000000000003a4                _ZN3DELC1Ev
                0x00000000000003a4                _ZN3DELC2Ev
                0x00000000000003c4                _ZN3DELC2EPVhS1_
                0x00000000000003c4                _ZN3DELC1EPVhS1_
                0x00000000000003de                _ZN3DEL10allumerDELE7COULEUR
                0x000000000000047a                _ZN3DEL10allumerDELE7COULEURj
 .text          0x0000000000000562      0x142 ../lib/librob.a(interrupt.o)
                0x0000000000000562                _ZN9Interrupt15isButtonPressedEv
                0x000000000000057e                _ZN9Interrupt8initINTXEh
                0x000000000000061c                _ZN9Interrupt9initEICRAE13TYPE_CONTROLE
                0x0000000000000682                _ZN9InterruptC2Eh13TYPE_CONTROLE
                0x0000000000000682                _ZN9InterruptC1Eh13TYPE_CONTROLE
 .text          0x00000000000006a4       0x4c ../lib/librob.a(SuiveurLigneCytron_LSS05.o)
                0x00000000000006a4                _ZN24SuiveurLigneCytron_LSS05C1Ev
                0x00000000000006a4                _ZN24SuiveurLigneCytron_LSS05C2Ev
                0x00000000000006ae                _ZN24SuiveurLigneCytron_LSS0518detecterAngleDroitERb
                0x00000000000006c0                _ZN24SuiveurLigneCytron_LSS0511corrigerPWMEv
 .text          0x00000000000006f0      0x1e0 ../lib/librob.a(moteur.o)
                0x000000000000070e                _ZN6MoteurC1Ev
                0x000000000000070e                _ZN6MoteurC2Ev
                0x000000000000071a                _ZN6Moteur7arreterEv
                0x0000000000000738                _ZN6Moteur10ajusterPWMEhh
                0x0000000000000766                _ZN6Moteur7avancerEh
                0x0000000000000772                _ZN6Moteur7avancerEhj
                0x0000000000000790                _ZN6Moteur25avancerProchainAngleDroitEh
                0x00000000000007dc                _ZN6Moteur7reculerEh
                0x00000000000007e8                _ZN6Moteur7reculerEhj
                0x0000000000000808                _ZN6Moteur13tournerDroiteEv
                0x0000000000000836                _ZN6Moteur13tournerGaucheEv
                0x0000000000000864                _ZN6Moteur13tournerGaucheEd
 .text          0x00000000000008d0      0x1f2 ../lib/librob.a(lcm_so1602dtr_m.o)
                0x0000000000000966                _Z15lcmd_disp_clearPVh
                0x0000000000000972                _Z14lcmd_disp_homePVh
                0x000000000000097e                _Z13lcmd_entry_smhhPVh
                0x000000000000098e                _Z16lcmd_disp_on_offhhhPVh
                0x00000000000009a6                _Z19lcmd_disp_cur_shifthhPVh
                0x00000000000009c4                _Z13lcmd_func_sethhPVh
                0x00000000000009e2                _Z17lcmd_cgr_set_addrhPVh
                0x00000000000009f2                _Z17lcmd_ddr_set_addrhPVh
                0x0000000000000a00                _Z10lcmd_writehPVh
                0x0000000000000a0c                _Z14lcmd_init_4bitPVhS0_
 .text          0x0000000000000ac2        0x0 /usr/lib/gcc/avr/7.4.0/avr5/libgcc.a(_exit.o)
 .text          0x0000000000000ac2        0x0 /usr/lib/gcc/avr/7.4.0/avr5/libgcc.a(_copy_data.o)
 .text          0x0000000000000ac2        0x0 /usr/lib/gcc/avr/7.4.0/avr5/libgcc.a(_clear_bss.o)
 .text          0x0000000000000ac2        0x0 /usr/lib/gcc/avr/7.4.0/avr5/libgcc.a(_ctors.o)
 .text          0x0000000000000ac2        0x0 /usr/lib/gcc/avr/7.4.0/avr5/libgcc.a(_tablejump2.o)
 .text          0x0000000000000ac2        0x0 /usr/lib/gcc/avr/7.4.0/../../../../avr/lib/avr5/libm.a(divsf3.o)
 .text          0x0000000000000ac2        0x0 /usr/lib/gcc/avr/7.4.0/../../../../avr/lib/avr5/libm.a(divsf3x.o)
 .text          0x0000000000000ac2        0x0 /usr/lib/gcc/avr/7.4.0/../../../../avr/lib/avr5/libm.a(fixunssfsi.o)
 .text          0x0000000000000ac2        0x0 /usr/lib/gcc/avr/7.4.0/../../../../avr/lib/avr5/libm.a(fp_inf.o)
 .text          0x0000000000000ac2        0x0 /usr/lib/gcc/avr/7.4.0/../../../../avr/lib/avr5/libm.a(fp_nan.o)
 .text          0x0000000000000ac2        0x0 /usr/lib/gcc/avr/7.4.0/../../../../avr/lib/avr5/libm.a(fp_pscA.o)
 .text          0x0000000000000ac2        0x0 /usr/lib/gcc/avr/7.4.0/../../../../avr/lib/avr5/libm.a(fp_pscB.o)
 .text          0x0000000000000ac2        0x0 /usr/lib/gcc/avr/7.4.0/../../../../avr/lib/avr5/libm.a(fp_round.o)
 .text          0x0000000000000ac2        0x0 /usr/lib/gcc/avr/7.4.0/../../../../avr/lib/avr5/libm.a(fp_split3.o)
 .text          0x0000000000000ac2        0x0 /usr/lib/gcc/avr/7.4.0/../../../../avr/lib/avr5/libm.a(fp_zero.o)
 .text          0x0000000000000ac2        0x0 /usr/lib/gcc/avr/7.4.0/../../../../avr/lib/avr5/libm.a(mulsf3.o)
 .text          0x0000000000000ac2        0x0 /usr/lib/gcc/avr/7.4.0/../../../../avr/lib/avr5/libm.a(mulsf3x.o)
                0x0000000000000ac2                . = ALIGN (0x2)
 *(.text.*)
 .text.startup  0x0000000000000ac2       0x68 main.o
                0x0000000000000ac2                main
 .text.libgcc.mul
                0x0000000000000b2a        0x0 /usr/lib/gcc/avr/7.4.0/avr5/libgcc.a(_exit.o)
 .text.libgcc.div
                0x0000000000000b2a        0x0 /usr/lib/gcc/avr/7.4.0/avr5/libgcc.a(_exit.o)
 .text.libgcc   0x0000000000000b2a        0x0 /usr/lib/gcc/avr/7.4.0/avr5/libgcc.a(_exit.o)
 .text.libgcc.prologue
                0x0000000000000b2a        0x0 /usr/lib/gcc/avr/7.4.0/avr5/libgcc.a(_exit.o)
 .text.libgcc.builtins
                0x0000000000000b2a        0x0 /usr/lib/gcc/avr/7.4.0/avr5/libgcc.a(_exit.o)
 .text.libgcc.fmul
                0x0000000000000b2a        0x0 /usr/lib/gcc/avr/7.4.0/avr5/libgcc.a(_exit.o)
 .text.libgcc.fixed
                0x0000000000000b2a        0x0 /usr/lib/gcc/avr/7.4.0/avr5/libgcc.a(_exit.o)
 .text.libgcc.mul
                0x0000000000000b2a        0x0 /usr/lib/gcc/avr/7.4.0/avr5/libgcc.a(_copy_data.o)
 .text.libgcc.div
                0x0000000000000b2a        0x0 /usr/lib/gcc/avr/7.4.0/avr5/libgcc.a(_copy_data.o)
 .text.libgcc   0x0000000000000b2a        0x0 /usr/lib/gcc/avr/7.4.0/avr5/libgcc.a(_copy_data.o)
 .text.libgcc.prologue
                0x0000000000000b2a        0x0 /usr/lib/gcc/avr/7.4.0/avr5/libgcc.a(_copy_data.o)
 .text.libgcc.builtins
                0x0000000000000b2a        0x0 /usr/lib/gcc/avr/7.4.0/avr5/libgcc.a(_copy_data.o)
 .text.libgcc.fmul
                0x0000000000000b2a        0x0 /usr/lib/gcc/avr/7.4.0/avr5/libgcc.a(_copy_data.o)
 .text.libgcc.fixed
                0x0000000000000b2a        0x0 /usr/lib/gcc/avr/7.4.0/avr5/libgcc.a(_copy_data.o)
 .text.libgcc.mul
                0x0000000000000b2a        0x0 /usr/lib/gcc/avr/7.4.0/avr5/libgcc.a(_clear_bss.o)
 .text.libgcc.div
                0x0000000000000b2a        0x0 /usr/lib/gcc/avr/7.4.0/avr5/libgcc.a(_clear_bss.o)
 .text.libgcc   0x0000000000000b2a        0x0 /usr/lib/gcc/avr/7.4.0/avr5/libgcc.a(_clear_bss.o)
 .text.libgcc.prologue
                0x0000000000000b2a        0x0 /usr/lib/gcc/avr/7.4.0/avr5/libgcc.a(_clear_bss.o)
 .text.libgcc.builtins
                0x0000000000000b2a        0x0 /usr/lib/gcc/avr/7.4.0/avr5/libgcc.a(_clear_bss.o)
 .text.libgcc.fmul
                0x0000000000000b2a        0x0 /usr/lib/gcc/avr/7.4.0/avr5/libgcc.a(_clear_bss.o)
 .text.libgcc.fixed
                0x0000000000000b2a        0x0 /usr/lib/gcc/avr/7.4.0/avr5/libgcc.a(_clear_bss.o)
 .text.libgcc.mul
                0x0000000000000b2a        0x0 /usr/lib/gcc/avr/7.4.0/avr5/libgcc.a(_ctors.o)
 .text.libgcc.div
                0x0000000000000b2a        0x0 /usr/lib/gcc/avr/7.4.0/avr5/libgcc.a(_ctors.o)
 .text.libgcc   0x0000000000000b2a        0x0 /usr/lib/gcc/avr/7.4.0/avr5/libgcc.a(_ctors.o)
 .text.libgcc.prologue
                0x0000000000000b2a        0x0 /usr/lib/gcc/avr/7.4.0/avr5/libgcc.a(_ctors.o)
 .text.libgcc.builtins
                0x0000000000000b2a        0x0 /usr/lib/gcc/avr/7.4.0/avr5/libgcc.a(_ctors.o)
 .text.libgcc.fmul
                0x0000000000000b2a        0x0 /usr/lib/gcc/avr/7.4.0/avr5/libgcc.a(_ctors.o)
 .text.libgcc.fixed
                0x0000000000000b2a        0x0 /usr/lib/gcc/avr/7.4.0/avr5/libgcc.a(_ctors.o)
 .text.libgcc.mul
                0x0000000000000b2a        0x0 /usr/lib/gcc/avr/7.4.0/avr5/libgcc.a(_tablejump2.o)
 .text.libgcc.div
                0x0000000000000b2a        0x0 /usr/lib/gcc/avr/7.4.0/avr5/libgcc.a(_tablejump2.o)
 .text.libgcc   0x0000000000000b2a        0xc /usr/lib/gcc/avr/7.4.0/avr5/libgcc.a(_tablejump2.o)
                0x0000000000000b2a                __tablejump2__
 .text.libgcc.prologue
                0x0000000000000b36        0x0 /usr/lib/gcc/avr/7.4.0/avr5/libgcc.a(_tablejump2.o)
 .text.libgcc.builtins
                0x0000000000000b36        0x0 /usr/lib/gcc/avr/7.4.0/avr5/libgcc.a(_tablejump2.o)
 .text.libgcc.fmul
                0x0000000000000b36        0x0 /usr/lib/gcc/avr/7.4.0/avr5/libgcc.a(_tablejump2.o)
 .text.libgcc.fixed
                0x0000000000000b36        0x0 /usr/lib/gcc/avr/7.4.0/avr5/libgcc.a(_tablejump2.o)
 .text.avr-libc.fplib
                0x0000000000000b36        0x8 /usr/lib/gcc/avr/7.4.0/../../../../avr/lib/avr5/libm.a(divsf3.o)
                0x0000000000000b36                __divsf3
 .text.avr-libc.fplib
                0x0000000000000b3e       0xdc /usr/lib/gcc/avr/7.4.0/../../../../avr/lib/avr5/libm.a(divsf3x.o)
                0x0000000000000b5e                __divsf3x
                0x0000000000000b64                __divsf3_pse
 .text.avr-libc.fplib
                0x0000000000000c1a       0x5e /usr/lib/gcc/avr/7.4.0/../../../../avr/lib/avr5/libm.a(fixunssfsi.o)
                0x0000000000000c1a                __fixunssfsi
 .text.avr-libc.fplib
                0x0000000000000c78        0xc /usr/lib/gcc/avr/7.4.0/../../../../avr/lib/avr5/libm.a(fp_inf.o)
                0x0000000000000c78                __fp_inf
 .text.avr-libc.fplib
                0x0000000000000c84        0x6 /usr/lib/gcc/avr/7.4.0/../../../../avr/lib/avr5/libm.a(fp_nan.o)
                0x0000000000000c84                __fp_nan
 .text.avr-libc.fplib
                0x0000000000000c8a        0xe /usr/lib/gcc/avr/7.4.0/../../../../avr/lib/avr5/libm.a(fp_pscA.o)
                0x0000000000000c8a                __fp_pscA
 .text.avr-libc.fplib
                0x0000000000000c98        0xe /usr/lib/gcc/avr/7.4.0/../../../../avr/lib/avr5/libm.a(fp_pscB.o)
                0x0000000000000c98                __fp_pscB
 .text.avr-libc.fplib
                0x0000000000000ca6       0x22 /usr/lib/gcc/avr/7.4.0/../../../../avr/lib/avr5/libm.a(fp_round.o)
                0x0000000000000ca6                __fp_round
 .text.avr-libc.fplib
                0x0000000000000cc8       0x44 /usr/lib/gcc/avr/7.4.0/../../../../avr/lib/avr5/libm.a(fp_split3.o)
                0x0000000000000cc8                __fp_split3
                0x0000000000000cd8                __fp_splitA
 .text.avr-libc.fplib
                0x0000000000000d0c        0xe /usr/lib/gcc/avr/7.4.0/../../../../avr/lib/avr5/libm.a(fp_zero.o)
                0x0000000000000d0c                __fp_zero
                0x0000000000000d0e                __fp_szero
 .text.avr-libc.fplib
                0x0000000000000d1a        0x8 /usr/lib/gcc/avr/7.4.0/../../../../avr/lib/avr5/libm.a(mulsf3.o)
                0x0000000000000d1a                __mulsf3
 .text.avr-libc.fplib
                0x0000000000000d22       0xd2 /usr/lib/gcc/avr/7.4.0/../../../../avr/lib/avr5/libm.a(mulsf3x.o)
                0x0000000000000d40                __mulsf3x
                0x0000000000000d46                __mulsf3_pse
                0x0000000000000df4                . = ALIGN (0x2)
 *(.fini9)
 .fini9         0x0000000000000df4        0x0 /usr/lib/gcc/avr/7.4.0/avr5/libgcc.a(_exit.o)
                0x0000000000000df4                exit
                0x0000000000000df4                _exit
 *(.fini9)
 *(.fini8)
 *(.fini8)
 *(.fini7)
 *(.fini7)
 *(.fini6)
 *(.fini6)
 *(.fini5)
 *(.fini5)
 *(.fini4)
 *(.fini4)
 *(.fini3)
 *(.fini3)
 *(.fini2)
 *(.fini2)
 *(.fini1)
 *(.fini1)
 *(.fini0)
 .fini0         0x0000000000000df4        0x4 /usr/lib/gcc/avr/7.4.0/avr5/libgcc.a(_exit.o)
 *(.fini0)
 *(.hightext)
 *(.hightext*)
 *(.progmemx.*)
                0x0000000000000df8                . = ALIGN (0x2)
 *(.jumptables)
 *(.jumptables*)
                0x0000000000000df8                _etext = .

.data           0x0000000000800100       0x36 load address 0x0000000000000df8
                0x0000000000800100                PROVIDE (__data_start = .)
 *(.data)
 .data          0x0000000000800100        0x0 /usr/lib/gcc/avr/7.4.0/../../../../avr/lib/avr5/crtatmega324pa.o
 .data          0x0000000000800100        0x1 main.o
                0x0000000000800100                actualiserLCD
 .data          0x0000000000800101        0x0 robot.o
 .data          0x0000000000800101        0x0 ../lib/librob.a(commun.o)
 .data          0x0000000000800101        0x0 ../lib/librob.a(display.o)
 .data          0x0000000000800101        0x0 ../lib/librob.a(del.o)
 .data          0x0000000000800101        0x0 ../lib/librob.a(interrupt.o)
 .data          0x0000000000800101        0x0 ../lib/librob.a(SuiveurLigneCytron_LSS05.o)
 .data          0x0000000000800101        0x0 ../lib/librob.a(moteur.o)
 .data          0x0000000000800101        0x0 ../lib/librob.a(lcm_so1602dtr_m.o)
 .data          0x0000000000800101        0x0 /usr/lib/gcc/avr/7.4.0/avr5/libgcc.a(_exit.o)
 .data          0x0000000000800101        0x0 /usr/lib/gcc/avr/7.4.0/avr5/libgcc.a(_copy_data.o)
 .data          0x0000000000800101        0x0 /usr/lib/gcc/avr/7.4.0/avr5/libgcc.a(_clear_bss.o)
 .data          0x0000000000800101        0x0 /usr/lib/gcc/avr/7.4.0/avr5/libgcc.a(_ctors.o)
 .data          0x0000000000800101        0x0 /usr/lib/gcc/avr/7.4.0/avr5/libgcc.a(_tablejump2.o)
 .data          0x0000000000800101        0x0 /usr/lib/gcc/avr/7.4.0/../../../../avr/lib/avr5/libm.a(divsf3.o)
 .data          0x0000000000800101        0x0 /usr/lib/gcc/avr/7.4.0/../../../../avr/lib/avr5/libm.a(divsf3x.o)
 .data          0x0000000000800101        0x0 /usr/lib/gcc/avr/7.4.0/../../../../avr/lib/avr5/libm.a(fixunssfsi.o)
 .data          0x0000000000800101        0x0 /usr/lib/gcc/avr/7.4.0/../../../../avr/lib/avr5/libm.a(fp_inf.o)
 .data          0x0000000000800101        0x0 /usr/lib/gcc/avr/7.4.0/../../../../avr/lib/avr5/libm.a(fp_nan.o)
 .data          0x0000000000800101        0x0 /usr/lib/gcc/avr/7.4.0/../../../../avr/lib/avr5/libm.a(fp_pscA.o)
 .data          0x0000000000800101        0x0 /usr/lib/gcc/avr/7.4.0/../../../../avr/lib/avr5/libm.a(fp_pscB.o)
 .data          0x0000000000800101        0x0 /usr/lib/gcc/avr/7.4.0/../../../../avr/lib/avr5/libm.a(fp_round.o)
 .data          0x0000000000800101        0x0 /usr/lib/gcc/avr/7.4.0/../../../../avr/lib/avr5/libm.a(fp_split3.o)
 .data          0x0000000000800101        0x0 /usr/lib/gcc/avr/7.4.0/../../../../avr/lib/avr5/libm.a(fp_zero.o)
 .data          0x0000000000800101        0x0 /usr/lib/gcc/avr/7.4.0/../../../../avr/lib/avr5/libm.a(mulsf3.o)
 .data          0x0000000000800101        0x0 /usr/lib/gcc/avr/7.4.0/../../../../avr/lib/avr5/libm.a(mulsf3x.o)
 *(.data*)
 *(.gnu.linkonce.d*)
 *(.rodata)
 *(.rodata*)
 .rodata.str1.1
                0x0000000000800101       0x34 robot.o
 *(.gnu.linkonce.r*)
                0x0000000000800136                . = ALIGN (0x2)
 *fill*         0x0000000000800135        0x1 
                0x0000000000800136                _edata = .
                0x0000000000800136                PROVIDE (__data_end = .)

.bss            0x0000000000800136       0x13
                0x0000000000800136                PROVIDE (__bss_start = .)
 *(.bss)
 .bss           0x0000000000800136        0x0 /usr/lib/gcc/avr/7.4.0/../../../../avr/lib/avr5/crtatmega324pa.o
 .bss           0x0000000000800136       0x13 main.o
                0x0000000000800136                angle
                0x0000000000800137                boutonInterruptAppuye
                0x0000000000800138                nbAppuies
                0x0000000000800139                bouttonPoussoir
                0x000000000080013e                bouttonBlanc
                0x0000000000800143                del
 .bss           0x0000000000800149        0x0 robot.o
 .bss           0x0000000000800149        0x0 ../lib/librob.a(commun.o)
 .bss           0x0000000000800149        0x0 ../lib/librob.a(display.o)
 .bss           0x0000000000800149        0x0 ../lib/librob.a(del.o)
 .bss           0x0000000000800149        0x0 ../lib/librob.a(interrupt.o)
 .bss           0x0000000000800149        0x0 ../lib/librob.a(SuiveurLigneCytron_LSS05.o)
 .bss           0x0000000000800149        0x0 ../lib/librob.a(moteur.o)
 .bss           0x0000000000800149        0x0 ../lib/librob.a(lcm_so1602dtr_m.o)
 .bss           0x0000000000800149        0x0 /usr/lib/gcc/avr/7.4.0/avr5/libgcc.a(_exit.o)
 .bss           0x0000000000800149        0x0 /usr/lib/gcc/avr/7.4.0/avr5/libgcc.a(_copy_data.o)
 .bss           0x0000000000800149        0x0 /usr/lib/gcc/avr/7.4.0/avr5/libgcc.a(_clear_bss.o)
 .bss           0x0000000000800149        0x0 /usr/lib/gcc/avr/7.4.0/avr5/libgcc.a(_ctors.o)
 .bss           0x0000000000800149        0x0 /usr/lib/gcc/avr/7.4.0/avr5/libgcc.a(_tablejump2.o)
 .bss           0x0000000000800149        0x0 /usr/lib/gcc/avr/7.4.0/../../../../avr/lib/avr5/libm.a(divsf3.o)
 .bss           0x0000000000800149        0x0 /usr/lib/gcc/avr/7.4.0/../../../../avr/lib/avr5/libm.a(divsf3x.o)
 .bss           0x0000000000800149        0x0 /usr/lib/gcc/avr/7.4.0/../../../../avr/lib/avr5/libm.a(fixunssfsi.o)
 .bss           0x0000000000800149        0x0 /usr/lib/gcc/avr/7.4.0/../../../../avr/lib/avr5/libm.a(fp_inf.o)
 .bss           0x0000000000800149        0x0 /usr/lib/gcc/avr/7.4.0/../../../../avr/lib/avr5/libm.a(fp_nan.o)
 .bss           0x0000000000800149        0x0 /usr/lib/gcc/avr/7.4.0/../../../../avr/lib/avr5/libm.a(fp_pscA.o)
 .bss           0x0000000000800149        0x0 /usr/lib/gcc/avr/7.4.0/../../../../avr/lib/avr5/libm.a(fp_pscB.o)
 .bss           0x0000000000800149        0x0 /usr/lib/gcc/avr/7.4.0/../../../../avr/lib/avr5/libm.a(fp_round.o)
 .bss           0x0000000000800149        0x0 /usr/lib/gcc/avr/7.4.0/../../../../avr/lib/avr5/libm.a(fp_split3.o)
 .bss           0x0000000000800149        0x0 /usr/lib/gcc/avr/7.4.0/../../../../avr/lib/avr5/libm.a(fp_zero.o)
 .bss           0x0000000000800149        0x0 /usr/lib/gcc/avr/7.4.0/../../../../avr/lib/avr5/libm.a(mulsf3.o)
 .bss           0x0000000000800149        0x0 /usr/lib/gcc/avr/7.4.0/../../../../avr/lib/avr5/libm.a(mulsf3x.o)
 *(.bss*)
 *(COMMON)
                0x0000000000800149                PROVIDE (__bss_end = .)
                0x0000000000000df8                __data_load_start = LOADADDR (.data)
                0x0000000000000e2e                __data_load_end = (__data_load_start + SIZEOF (.data))

.noinit         0x0000000000800149        0x0
                [!provide]                        PROVIDE (__noinit_start = .)
 *(.noinit*)
                [!provide]                        PROVIDE (__noinit_end = .)
                0x0000000000800149                _end = .
                [!provide]                        PROVIDE (__heap_start = .)

.eeprom         0x0000000000810000        0x0
 *(.eeprom*)
                0x0000000000810000                __eeprom_end = .

.fuse
 *(.fuse)
 *(.lfuse)
 *(.hfuse)
 *(.efuse)

.lock
 *(.lock*)

.signature
 *(.signature*)

.stab           0x0000000000000000     0x537c
 *(.stab)
 .stab          0x0000000000000000      0x810 main.o
 .stab          0x0000000000000810      0xae0 robot.o
                                        0xaec (size before relaxing)
 .stab          0x00000000000012f0      0x678 ../lib/librob.a(commun.o)
                                        0x684 (size before relaxing)
 .stab          0x0000000000001968      0x750 ../lib/librob.a(display.o)
                                        0x75c (size before relaxing)
 .stab          0x00000000000020b8      0x804 ../lib/librob.a(del.o)
                                        0x810 (size before relaxing)
 .stab          0x00000000000028bc      0x828 ../lib/librob.a(interrupt.o)
                                        0x834 (size before relaxing)
 .stab          0x00000000000030e4      0x684 ../lib/librob.a(SuiveurLigneCytron_LSS05.o)
                                        0x690 (size before relaxing)
 .stab          0x0000000000003768      0xc18 ../lib/librob.a(moteur.o)
                                        0xc24 (size before relaxing)
 .stab          0x0000000000004380      0xc90 ../lib/librob.a(lcm_so1602dtr_m.o)
                                        0xc9c (size before relaxing)
 .stab          0x0000000000005010       0x6c /usr/lib/gcc/avr/7.4.0/avr5/libgcc.a(_exit.o)
                                         0x78 (size before relaxing)
 .stab          0x000000000000507c       0xd8 /usr/lib/gcc/avr/7.4.0/avr5/libgcc.a(_copy_data.o)
                                         0xe4 (size before relaxing)
 .stab          0x0000000000005154       0xb4 /usr/lib/gcc/avr/7.4.0/avr5/libgcc.a(_clear_bss.o)
                                         0xc0 (size before relaxing)
 .stab          0x0000000000005208       0xd8 /usr/lib/gcc/avr/7.4.0/avr5/libgcc.a(_ctors.o)
                                         0xe4 (size before relaxing)
 .stab          0x00000000000052e0       0x9c /usr/lib/gcc/avr/7.4.0/avr5/libgcc.a(_tablejump2.o)
                                         0xa8 (size before relaxing)

.stabstr        0x0000000000000000     0x4215
 *(.stabstr)
 .stabstr       0x0000000000000000     0x4215 main.o

.stab.excl
 *(.stab.excl)

.stab.exclstr
 *(.stab.exclstr)

.stab.index
 *(.stab.index)

.stab.indexstr
 *(.stab.indexstr)

.comment        0x0000000000000000       0x21
 *(.comment)
 .comment       0x0000000000000000       0x21 main.o
                                         0x22 (size before relaxing)
 .comment       0x0000000000000021       0x22 robot.o
 .comment       0x0000000000000021       0x22 ../lib/librob.a(commun.o)
 .comment       0x0000000000000021       0x22 ../lib/librob.a(display.o)
 .comment       0x0000000000000021       0x22 ../lib/librob.a(del.o)
 .comment       0x0000000000000021       0x22 ../lib/librob.a(interrupt.o)
 .comment       0x0000000000000021       0x22 ../lib/librob.a(SuiveurLigneCytron_LSS05.o)
 .comment       0x0000000000000021       0x22 ../lib/librob.a(moteur.o)
 .comment       0x0000000000000021       0x22 ../lib/librob.a(lcm_so1602dtr_m.o)

.note.gnu.avr.deviceinfo
                0x0000000000000000       0x40
 .note.gnu.avr.deviceinfo
                0x0000000000000000       0x40 /usr/lib/gcc/avr/7.4.0/../../../../avr/lib/avr5/crtatmega324pa.o

.note.gnu.build-id
 *(.note.gnu.build-id)

.debug
 *(.debug)

.line
 *(.line)

.debug_srcinfo
 *(.debug_srcinfo)

.debug_sfnames
 *(.debug_sfnames)

.debug_aranges
 *(.debug_aranges)

.debug_pubnames
 *(.debug_pubnames)

.debug_info     0x0000000000000000      0x6cc
 *(.debug_info .gnu.linkonce.wi.*)
 .debug_info    0x0000000000000000      0x6cc /usr/lib/gcc/avr/7.4.0/../../../../avr/lib/avr5/crtatmega324pa.o

.debug_abbrev   0x0000000000000000      0x66e
 *(.debug_abbrev)
 .debug_abbrev  0x0000000000000000      0x66e /usr/lib/gcc/avr/7.4.0/../../../../avr/lib/avr5/crtatmega324pa.o

.debug_line     0x0000000000000000       0x1d
 *(.debug_line .debug_line.* .debug_line_end)
 .debug_line    0x0000000000000000       0x1d /usr/lib/gcc/avr/7.4.0/../../../../avr/lib/avr5/crtatmega324pa.o

.debug_frame
 *(.debug_frame)

.debug_str      0x0000000000000000      0x255
 *(.debug_str)
 .debug_str     0x0000000000000000      0x255 /usr/lib/gcc/avr/7.4.0/../../../../avr/lib/avr5/crtatmega324pa.o

.debug_loc
 *(.debug_loc)

.debug_macinfo
 *(.debug_macinfo)

.debug_weaknames
 *(.debug_weaknames)

.debug_funcnames
 *(.debug_funcnames)

.debug_typenames
 *(.debug_typenames)

.debug_varnames
 *(.debug_varnames)

.debug_pubtypes
 *(.debug_pubtypes)

.debug_ranges
 *(.debug_ranges)

.debug_macro
 *(.debug_macro)

.debug_addr
 *(.debug_addr)
OUTPUT(projet.out elf32-avr)
LOAD linker stubs
