Archive member included to satisfy reference by file (symbol)

../../lib/librob.a(memoire_24.o)
                              tp9.o (_ZN13Memoire24CXXXD1Ev)
../../lib/librob.a(interpreteur.o)
                              tp9.o (_ZN12InterpreteurC1Ev)
../../lib/librob.a(commun.o)  ../../lib/librob.a(interpreteur.o) (_ZN6commun8delai_msEj)
../../lib/librob.a(notes.o)   tp9.o (_Z8playNotehj)
../../lib/librob.a(del.o)     tp9.o (_ZN3DELC1Ev)
../../lib/librob.a(moteur.o)  ../../lib/librob.a(interpreteur.o) (_ZN6MoteurC1Ev)
../../lib/librob.a(minuterie.o)
                              ../../lib/librob.a(notes.o) (_Z14startTimer0CTChh)
../../lib/librob.a(SuiveurLigneCytron_LSS05.o)
                              ../../lib/librob.a(moteur.o) (_ZN24SuiveurLigneCytron_LSS05C1Ev)
/usr/lib/gcc/avr/7.4.0/avr5/libgcc.a(_exit.o)
                              /usr/lib/gcc/avr/7.4.0/../../../../avr/lib/avr5/crtatmega324pa.o (exit)
/usr/lib/gcc/avr/7.4.0/avr5/libgcc.a(_copy_data.o)
                              ../../lib/librob.a(memoire_24.o) (__do_copy_data)
/usr/lib/gcc/avr/7.4.0/avr5/libgcc.a(_clear_bss.o)
                              tp9.o (__do_clear_bss)
/usr/lib/gcc/avr/7.4.0/avr5/libgcc.a(_ctors.o)
                              tp9.o (__do_global_ctors)
/usr/lib/gcc/avr/7.4.0/avr5/libgcc.a(_tablejump2.o)
                              /usr/lib/gcc/avr/7.4.0/avr5/libgcc.a(_ctors.o) (__tablejump2__)
/usr/lib/gcc/avr/7.4.0/../../../../avr/lib/avr5/libm.a(addsf3.o)
                              ../../lib/librob.a(notes.o) (__subsf3)
/usr/lib/gcc/avr/7.4.0/../../../../avr/lib/avr5/libm.a(addsf3x.o)
                              /usr/lib/gcc/avr/7.4.0/../../../../avr/lib/avr5/libm.a(addsf3.o) (__addsf3x)
/usr/lib/gcc/avr/7.4.0/../../../../avr/lib/avr5/libm.a(divsf3.o)
                              ../../lib/librob.a(notes.o) (__divsf3)
/usr/lib/gcc/avr/7.4.0/../../../../avr/lib/avr5/libm.a(divsf3x.o)
                              /usr/lib/gcc/avr/7.4.0/../../../../avr/lib/avr5/libm.a(divsf3.o) (__divsf3x)
/usr/lib/gcc/avr/7.4.0/../../../../avr/lib/avr5/libm.a(fixunssfsi.o)
                              ../../lib/librob.a(notes.o) (__fixunssfsi)
/usr/lib/gcc/avr/7.4.0/../../../../avr/lib/avr5/libm.a(fp_inf.o)
                              /usr/lib/gcc/avr/7.4.0/../../../../avr/lib/avr5/libm.a(addsf3x.o) (__fp_inf)
/usr/lib/gcc/avr/7.4.0/../../../../avr/lib/avr5/libm.a(fp_nan.o)
                              /usr/lib/gcc/avr/7.4.0/../../../../avr/lib/avr5/libm.a(addsf3x.o) (__fp_nan)
/usr/lib/gcc/avr/7.4.0/../../../../avr/lib/avr5/libm.a(fp_pscA.o)
                              /usr/lib/gcc/avr/7.4.0/../../../../avr/lib/avr5/libm.a(addsf3x.o) (__fp_pscA)
/usr/lib/gcc/avr/7.4.0/../../../../avr/lib/avr5/libm.a(fp_pscB.o)
                              /usr/lib/gcc/avr/7.4.0/../../../../avr/lib/avr5/libm.a(addsf3x.o) (__fp_pscB)
/usr/lib/gcc/avr/7.4.0/../../../../avr/lib/avr5/libm.a(fp_round.o)
                              /usr/lib/gcc/avr/7.4.0/../../../../avr/lib/avr5/libm.a(addsf3.o) (__fp_round)
/usr/lib/gcc/avr/7.4.0/../../../../avr/lib/avr5/libm.a(fp_split3.o)
                              /usr/lib/gcc/avr/7.4.0/../../../../avr/lib/avr5/libm.a(addsf3x.o) (__fp_split3)
/usr/lib/gcc/avr/7.4.0/../../../../avr/lib/avr5/libm.a(fp_zero.o)
                              /usr/lib/gcc/avr/7.4.0/../../../../avr/lib/avr5/libm.a(addsf3x.o) (__fp_zero)
/usr/lib/gcc/avr/7.4.0/../../../../avr/lib/avr5/libm.a(mulsf3.o)
                              ../../lib/librob.a(notes.o) (__mulsf3)
/usr/lib/gcc/avr/7.4.0/../../../../avr/lib/avr5/libm.a(mulsf3x.o)
                              /usr/lib/gcc/avr/7.4.0/../../../../avr/lib/avr5/libm.a(mulsf3.o) (__mulsf3x)

Memory Configuration

Name             Origin             Length             Attributes
text             0x0000000000000000 0x0000000000020000 xr
data             0x0000000000800060 0x000000000000ffa0 rw !x
eeprom           0x0000000000810000 0x0000000000010000 rw !x
fuse             0x0000000000820000 0x0000000000000003 rw !x
lock             0x0000000000830000 0x0000000000000400 rw !x
signature        0x0000000000840000 0x0000000000000400 rw !x
user_signatures  0x0000000000850000 0x0000000000000400 rw !x
*default*        0x0000000000000000 0xffffffffffffffff

Linker script and memory map

Address of section .data set to 0x800100
LOAD /usr/lib/gcc/avr/7.4.0/../../../../avr/lib/avr5/crtatmega324pa.o
LOAD tp9.o
LOAD /usr/lib/gcc/avr/7.4.0/../../../../avr/lib/avr5/libm.a
LOAD ../../lib/librob.a
START GROUP
LOAD /usr/lib/gcc/avr/7.4.0/avr5/libgcc.a
LOAD /usr/lib/gcc/avr/7.4.0/../../../../avr/lib/avr5/libm.a
LOAD /usr/lib/gcc/avr/7.4.0/../../../../avr/lib/avr5/libc.a
LOAD /usr/lib/gcc/avr/7.4.0/../../../../avr/lib/avr5/libatmega324pa.a
END GROUP
                0x0000000000020000                __TEXT_REGION_LENGTH__ = DEFINED (__TEXT_REGION_LENGTH__)?__TEXT_REGION_LENGTH__:0x20000
                0x000000000000ffa0                __DATA_REGION_LENGTH__ = DEFINED (__DATA_REGION_LENGTH__)?__DATA_REGION_LENGTH__:0xffa0
                0x0000000000010000                __EEPROM_REGION_LENGTH__ = DEFINED (__EEPROM_REGION_LENGTH__)?__EEPROM_REGION_LENGTH__:0x10000
                [0x0000000000000003]                __FUSE_REGION_LENGTH__ = DEFINED (__FUSE_REGION_LENGTH__)?__FUSE_REGION_LENGTH__:0x400
                0x0000000000000400                __LOCK_REGION_LENGTH__ = DEFINED (__LOCK_REGION_LENGTH__)?__LOCK_REGION_LENGTH__:0x400
                0x0000000000000400                __SIGNATURE_REGION_LENGTH__ = DEFINED (__SIGNATURE_REGION_LENGTH__)?__SIGNATURE_REGION_LENGTH__:0x400
                0x0000000000000400                __USER_SIGNATURE_REGION_LENGTH__ = DEFINED (__USER_SIGNATURE_REGION_LENGTH__)?__USER_SIGNATURE_REGION_LENGTH__:0x400

.hash
 *(.hash)

.dynsym
 *(.dynsym)

.dynstr
 *(.dynstr)

.gnu.version
 *(.gnu.version)

.gnu.version_d
 *(.gnu.version_d)

.gnu.version_r
 *(.gnu.version_r)

.rel.init
 *(.rel.init)

.rela.init
 *(.rela.init)

.rel.text
 *(.rel.text)
 *(.rel.text.*)
 *(.rel.gnu.linkonce.t*)

.rela.text
 *(.rela.text)
 *(.rela.text.*)
 *(.rela.gnu.linkonce.t*)

.rel.fini
 *(.rel.fini)

.rela.fini
 *(.rela.fini)

.rel.rodata
 *(.rel.rodata)
 *(.rel.rodata.*)
 *(.rel.gnu.linkonce.r*)

.rela.rodata
 *(.rela.rodata)
 *(.rela.rodata.*)
 *(.rela.gnu.linkonce.r*)

.rel.data
 *(.rel.data)
 *(.rel.data.*)
 *(.rel.gnu.linkonce.d*)

.rela.data
 *(.rela.data)
 *(.rela.data.*)
 *(.rela.gnu.linkonce.d*)

.rel.ctors
 *(.rel.ctors)

.rela.ctors
 *(.rela.ctors)

.rel.dtors
 *(.rel.dtors)

.rela.dtors
 *(.rela.dtors)

.rel.got
 *(.rel.got)

.rela.got
 *(.rela.got)

.rel.bss
 *(.rel.bss)

.rela.bss
 *(.rela.bss)

.rel.plt
 *(.rel.plt)

.rela.plt
 *(.rela.plt)

.text           0x0000000000000000     0x1028
 *(.vectors)
 .vectors       0x0000000000000000       0x7c /usr/lib/gcc/avr/7.4.0/../../../../avr/lib/avr5/crtatmega324pa.o
                0x0000000000000000                __vectors
                0x0000000000000000                __vector_default
 *(.vectors)
 *(.progmem.gcc*)
                0x000000000000007c                . = ALIGN (0x2)
                0x000000000000007c                __trampolines_start = .
 *(.trampolines)
 .trampolines   0x000000000000007c        0x0 linker stubs
 *(.trampolines*)
                0x000000000000007c                __trampolines_end = .
 *libprintf_flt.a:*(.progmem.data)
 *libc.a:*(.progmem.data)
 *(.progmem.*)
                0x000000000000007c                . = ALIGN (0x2)
 *(.lowtext)
 *(.lowtext*)
                0x000000000000007c                __ctors_start = .
 *(.ctors)
 .ctors         0x000000000000007c        0x2 tp9.o
                0x000000000000007e                __ctors_end = .
                0x000000000000007e                __dtors_start = .
 *(.dtors)
                0x000000000000007e                __dtors_end = .
 SORT_BY_NAME(*)(.ctors)
 SORT_BY_NAME(*)(.dtors)
 *(.init0)
 .init0         0x000000000000007e        0x0 /usr/lib/gcc/avr/7.4.0/../../../../avr/lib/avr5/crtatmega324pa.o
                0x000000000000007e                __init
 *(.init0)
 *(.init1)
 *(.init1)
 *(.init2)
 .init2         0x000000000000007e        0xc /usr/lib/gcc/avr/7.4.0/../../../../avr/lib/avr5/crtatmega324pa.o
 *(.init2)
 *(.init3)
 *(.init3)
 *(.init4)
 .init4         0x000000000000008a       0x16 /usr/lib/gcc/avr/7.4.0/avr5/libgcc.a(_copy_data.o)
                0x000000000000008a                __do_copy_data
 .init4         0x00000000000000a0       0x10 /usr/lib/gcc/avr/7.4.0/avr5/libgcc.a(_clear_bss.o)
                0x00000000000000a0                __do_clear_bss
 *(.init4)
 *(.init5)
 *(.init5)
 *(.init6)
 .init6         0x00000000000000b0       0x16 /usr/lib/gcc/avr/7.4.0/avr5/libgcc.a(_ctors.o)
                0x00000000000000b0                __do_global_ctors
 *(.init6)
 *(.init7)
 *(.init7)
 *(.init8)
 *(.init8)
 *(.init9)
 .init9         0x00000000000000c6        0x8 /usr/lib/gcc/avr/7.4.0/../../../../avr/lib/avr5/crtatmega324pa.o
 *(.init9)
 *(.text)
 .text          0x00000000000000ce        0x4 /usr/lib/gcc/avr/7.4.0/../../../../avr/lib/avr5/crtatmega324pa.o
                0x00000000000000ce                __vector_22
                0x00000000000000ce                __vector_28
                0x00000000000000ce                __vector_1
                0x00000000000000ce                __vector_24
                0x00000000000000ce                __vector_12
                0x00000000000000ce                __bad_interrupt
                0x00000000000000ce                __vector_6
                0x00000000000000ce                __vector_3
                0x00000000000000ce                __vector_23
                0x00000000000000ce                __vector_30
                0x00000000000000ce                __vector_25
                0x00000000000000ce                __vector_11
                0x00000000000000ce                __vector_13
                0x00000000000000ce                __vector_17
                0x00000000000000ce                __vector_19
                0x00000000000000ce                __vector_7
                0x00000000000000ce                __vector_27
                0x00000000000000ce                __vector_5
                0x00000000000000ce                __vector_4
                0x00000000000000ce                __vector_9
                0x00000000000000ce                __vector_2
                0x00000000000000ce                __vector_21
                0x00000000000000ce                __vector_15
                0x00000000000000ce                __vector_29
                0x00000000000000ce                __vector_8
                0x00000000000000ce                __vector_26
                0x00000000000000ce                __vector_14
                0x00000000000000ce                __vector_10
                0x00000000000000ce                __vector_16
                0x00000000000000ce                __vector_18
                0x00000000000000ce                __vector_20
 .text          0x00000000000000d2      0x1d2 tp9.o
                0x00000000000000d2                _Z14start_sequencev
                0x0000000000000160                _Z16darude_sandstormv
                0x0000000000000238                _Z18find_start_programR13Memoire24CXXXh
                0x0000000000000280                _Z19find_byte_code_sizeR13Memoire24CXXX
 .text          0x00000000000002a4      0x352 ../../lib/librob.a(memoire_24.o)
                0x00000000000002a4                _ZN13Memoire24CXXXD2Ev
                0x00000000000002a4                _ZN13Memoire24CXXXD1Ev
                0x00000000000002a6                _ZN13Memoire24CXXX4initEv
                0x00000000000002b8                _ZN13Memoire24CXXXC2Ev
                0x00000000000002b8                _ZN13Memoire24CXXXC1Ev
                0x00000000000002c2                _ZN13Memoire24CXXX12choisir_bancEh
                0x00000000000002d8                _ZN13Memoire24CXXX7lectureEjPh
                0x000000000000039a                _ZN13Memoire24CXXX7lectureEjPhh
                0x0000000000000462                _ZN13Memoire24CXXX8ecritureEjh
                0x00000000000004f2                _ZN13Memoire24CXXX11ecrire_pageEjPhh
                0x00000000000005b0                _ZN13Memoire24CXXX8ecritureEjPhh
 .text          0x00000000000005f6       0xe8 ../../lib/librob.a(interpreteur.o)
                0x00000000000005f6                _ZN12InterpreteurC1Ev
                0x00000000000005f6                _ZN12InterpreteurC2Ev
                0x0000000000000610                _ZN12Interpreteur5getPCEv
                0x0000000000000616                _ZN12Interpreteur17setProgramCounterEh
                0x000000000000061c                _ZN12Interpreteur16executerByteCodeEhh
                0x00000000000006bc                _ZN12Interpreteur13parse_bytcodeEPh
                0x00000000000006d8                _ZN12Interpreteur10terminatedEv
 .text          0x00000000000006de       0x38 ../../lib/librob.a(commun.o)
                0x00000000000006de                _ZN6commun8delai_msEj
                0x00000000000006fc                _ZN6commun8delai_usEj
 .text          0x0000000000000716       0xa2 ../../lib/librob.a(notes.o)
                0x0000000000000716                _Z8playNotehj
                0x0000000000000786                _Z8playNotehjh
                0x00000000000007b4                _Z8stopNotev
 .text          0x00000000000007b8      0x1be ../../lib/librob.a(del.o)
                0x00000000000007b8                _ZN3DELC1Ev
                0x00000000000007b8                _ZN3DELC2Ev
                0x00000000000007d8                _ZN3DELC2EPVhS1_
                0x00000000000007d8                _ZN3DELC1EPVhS1_
                0x00000000000007f2                _ZN3DEL10allumerDELE7COULEUR
                0x000000000000088e                _ZN3DEL10allumerDELE7COULEURj
 .text          0x0000000000000976      0x1e0 ../../lib/librob.a(moteur.o)
                0x0000000000000994                _ZN6MoteurC1Ev
                0x0000000000000994                _ZN6MoteurC2Ev
                0x00000000000009a0                _ZN6Moteur7arreterEv
                0x00000000000009be                _ZN6Moteur10ajusterPWMEhh
                0x00000000000009ec                _ZN6Moteur7avancerEh
                0x00000000000009f8                _ZN6Moteur7avancerEhj
                0x0000000000000a16                _ZN6Moteur25avancerProchainAngleDroitEh
                0x0000000000000a62                _ZN6Moteur7reculerEh
                0x0000000000000a6e                _ZN6Moteur7reculerEhj
                0x0000000000000a8e                _ZN6Moteur13tournerDroiteEv
                0x0000000000000abc                _ZN6Moteur13tournerGaucheEv
                0x0000000000000aea                _ZN6Moteur13tournerGaucheEd
 .text          0x0000000000000b56       0x30 ../../lib/librob.a(minuterie.o)
                0x0000000000000b56                _Z14startTimer0CTChh
                0x0000000000000b7c                _Z13stopTimer0CTCv
                0x0000000000000b84                _Z14startTimer2INTv
 .text          0x0000000000000b86       0x4c ../../lib/librob.a(SuiveurLigneCytron_LSS05.o)
                0x0000000000000b86                _ZN24SuiveurLigneCytron_LSS05C1Ev
                0x0000000000000b86                _ZN24SuiveurLigneCytron_LSS05C2Ev
                0x0000000000000b90                _ZN24SuiveurLigneCytron_LSS0518detecterAngleDroitERb
                0x0000000000000ba2                _ZN24SuiveurLigneCytron_LSS0511corrigerPWMEv
 .text          0x0000000000000bd2        0x0 /usr/lib/gcc/avr/7.4.0/avr5/libgcc.a(_exit.o)
 .text          0x0000000000000bd2        0x0 /usr/lib/gcc/avr/7.4.0/avr5/libgcc.a(_copy_data.o)
 .text          0x0000000000000bd2        0x0 /usr/lib/gcc/avr/7.4.0/avr5/libgcc.a(_clear_bss.o)
 .text          0x0000000000000bd2        0x0 /usr/lib/gcc/avr/7.4.0/avr5/libgcc.a(_ctors.o)
 .text          0x0000000000000bd2        0x0 /usr/lib/gcc/avr/7.4.0/avr5/libgcc.a(_tablejump2.o)
 .text          0x0000000000000bd2        0x0 /usr/lib/gcc/avr/7.4.0/../../../../avr/lib/avr5/libm.a(addsf3.o)
 .text          0x0000000000000bd2        0x0 /usr/lib/gcc/avr/7.4.0/../../../../avr/lib/avr5/libm.a(addsf3x.o)
 .text          0x0000000000000bd2        0x0 /usr/lib/gcc/avr/7.4.0/../../../../avr/lib/avr5/libm.a(divsf3.o)
 .text          0x0000000000000bd2        0x0 /usr/lib/gcc/avr/7.4.0/../../../../avr/lib/avr5/libm.a(divsf3x.o)
 .text          0x0000000000000bd2        0x0 /usr/lib/gcc/avr/7.4.0/../../../../avr/lib/avr5/libm.a(fixunssfsi.o)
 .text          0x0000000000000bd2        0x0 /usr/lib/gcc/avr/7.4.0/../../../../avr/lib/avr5/libm.a(fp_inf.o)
 .text          0x0000000000000bd2        0x0 /usr/lib/gcc/avr/7.4.0/../../../../avr/lib/avr5/libm.a(fp_nan.o)
 .text          0x0000000000000bd2        0x0 /usr/lib/gcc/avr/7.4.0/../../../../avr/lib/avr5/libm.a(fp_pscA.o)
 .text          0x0000000000000bd2        0x0 /usr/lib/gcc/avr/7.4.0/../../../../avr/lib/avr5/libm.a(fp_pscB.o)
 .text          0x0000000000000bd2        0x0 /usr/lib/gcc/avr/7.4.0/../../../../avr/lib/avr5/libm.a(fp_round.o)
 .text          0x0000000000000bd2        0x0 /usr/lib/gcc/avr/7.4.0/../../../../avr/lib/avr5/libm.a(fp_split3.o)
 .text          0x0000000000000bd2        0x0 /usr/lib/gcc/avr/7.4.0/../../../../avr/lib/avr5/libm.a(fp_zero.o)
 .text          0x0000000000000bd2        0x0 /usr/lib/gcc/avr/7.4.0/../../../../avr/lib/avr5/libm.a(mulsf3.o)
 .text          0x0000000000000bd2        0x0 /usr/lib/gcc/avr/7.4.0/../../../../avr/lib/avr5/libm.a(mulsf3x.o)
                0x0000000000000bd2                . = ALIGN (0x2)
 *(.text.*)
 .text.startup  0x0000000000000bd2       0xae tp9.o
                0x0000000000000bd2                main
 .text.libgcc.mul
                0x0000000000000c80        0x0 /usr/lib/gcc/avr/7.4.0/avr5/libgcc.a(_exit.o)
 .text.libgcc.div
                0x0000000000000c80        0x0 /usr/lib/gcc/avr/7.4.0/avr5/libgcc.a(_exit.o)
 .text.libgcc   0x0000000000000c80        0x0 /usr/lib/gcc/avr/7.4.0/avr5/libgcc.a(_exit.o)
 .text.libgcc.prologue
                0x0000000000000c80        0x0 /usr/lib/gcc/avr/7.4.0/avr5/libgcc.a(_exit.o)
 .text.libgcc.builtins
                0x0000000000000c80        0x0 /usr/lib/gcc/avr/7.4.0/avr5/libgcc.a(_exit.o)
 .text.libgcc.fmul
                0x0000000000000c80        0x0 /usr/lib/gcc/avr/7.4.0/avr5/libgcc.a(_exit.o)
 .text.libgcc.fixed
                0x0000000000000c80        0x0 /usr/lib/gcc/avr/7.4.0/avr5/libgcc.a(_exit.o)
 .text.libgcc.mul
                0x0000000000000c80        0x0 /usr/lib/gcc/avr/7.4.0/avr5/libgcc.a(_copy_data.o)
 .text.libgcc.div
                0x0000000000000c80        0x0 /usr/lib/gcc/avr/7.4.0/avr5/libgcc.a(_copy_data.o)
 .text.libgcc   0x0000000000000c80        0x0 /usr/lib/gcc/avr/7.4.0/avr5/libgcc.a(_copy_data.o)
 .text.libgcc.prologue
                0x0000000000000c80        0x0 /usr/lib/gcc/avr/7.4.0/avr5/libgcc.a(_copy_data.o)
 .text.libgcc.builtins
                0x0000000000000c80        0x0 /usr/lib/gcc/avr/7.4.0/avr5/libgcc.a(_copy_data.o)
 .text.libgcc.fmul
                0x0000000000000c80        0x0 /usr/lib/gcc/avr/7.4.0/avr5/libgcc.a(_copy_data.o)
 .text.libgcc.fixed
                0x0000000000000c80        0x0 /usr/lib/gcc/avr/7.4.0/avr5/libgcc.a(_copy_data.o)
 .text.libgcc.mul
                0x0000000000000c80        0x0 /usr/lib/gcc/avr/7.4.0/avr5/libgcc.a(_clear_bss.o)
 .text.libgcc.div
                0x0000000000000c80        0x0 /usr/lib/gcc/avr/7.4.0/avr5/libgcc.a(_clear_bss.o)
 .text.libgcc   0x0000000000000c80        0x0 /usr/lib/gcc/avr/7.4.0/avr5/libgcc.a(_clear_bss.o)
 .text.libgcc.prologue
                0x0000000000000c80        0x0 /usr/lib/gcc/avr/7.4.0/avr5/libgcc.a(_clear_bss.o)
 .text.libgcc.builtins
                0x0000000000000c80        0x0 /usr/lib/gcc/avr/7.4.0/avr5/libgcc.a(_clear_bss.o)
 .text.libgcc.fmul
                0x0000000000000c80        0x0 /usr/lib/gcc/avr/7.4.0/avr5/libgcc.a(_clear_bss.o)
 .text.libgcc.fixed
                0x0000000000000c80        0x0 /usr/lib/gcc/avr/7.4.0/avr5/libgcc.a(_clear_bss.o)
 .text.libgcc.mul
                0x0000000000000c80        0x0 /usr/lib/gcc/avr/7.4.0/avr5/libgcc.a(_ctors.o)
 .text.libgcc.div
                0x0000000000000c80        0x0 /usr/lib/gcc/avr/7.4.0/avr5/libgcc.a(_ctors.o)
 .text.libgcc   0x0000000000000c80        0x0 /usr/lib/gcc/avr/7.4.0/avr5/libgcc.a(_ctors.o)
 .text.libgcc.prologue
                0x0000000000000c80        0x0 /usr/lib/gcc/avr/7.4.0/avr5/libgcc.a(_ctors.o)
 .text.libgcc.builtins
                0x0000000000000c80        0x0 /usr/lib/gcc/avr/7.4.0/avr5/libgcc.a(_ctors.o)
 .text.libgcc.fmul
                0x0000000000000c80        0x0 /usr/lib/gcc/avr/7.4.0/avr5/libgcc.a(_ctors.o)
 .text.libgcc.fixed
                0x0000000000000c80        0x0 /usr/lib/gcc/avr/7.4.0/avr5/libgcc.a(_ctors.o)
 .text.libgcc.mul
                0x0000000000000c80        0x0 /usr/lib/gcc/avr/7.4.0/avr5/libgcc.a(_tablejump2.o)
 .text.libgcc.div
                0x0000000000000c80        0x0 /usr/lib/gcc/avr/7.4.0/avr5/libgcc.a(_tablejump2.o)
 .text.libgcc   0x0000000000000c80        0xc /usr/lib/gcc/avr/7.4.0/avr5/libgcc.a(_tablejump2.o)
                0x0000000000000c80                __tablejump2__
 .text.libgcc.prologue
                0x0000000000000c8c        0x0 /usr/lib/gcc/avr/7.4.0/avr5/libgcc.a(_tablejump2.o)
 .text.libgcc.builtins
                0x0000000000000c8c        0x0 /usr/lib/gcc/avr/7.4.0/avr5/libgcc.a(_tablejump2.o)
 .text.libgcc.fmul
                0x0000000000000c8c        0x0 /usr/lib/gcc/avr/7.4.0/avr5/libgcc.a(_tablejump2.o)
 .text.libgcc.fixed
                0x0000000000000c8c        0x0 /usr/lib/gcc/avr/7.4.0/avr5/libgcc.a(_tablejump2.o)
 .text.avr-libc.fplib
                0x0000000000000c8c        0xe /usr/lib/gcc/avr/7.4.0/../../../../avr/lib/avr5/libm.a(addsf3.o)
                0x0000000000000c8c                __subsf3
                0x0000000000000c8e                __addsf3
 .text.avr-libc.fplib
                0x0000000000000c9a       0xcc /usr/lib/gcc/avr/7.4.0/../../../../avr/lib/avr5/libm.a(addsf3x.o)
                0x0000000000000cbc                __addsf3x
 .text.avr-libc.fplib
                0x0000000000000d66        0x8 /usr/lib/gcc/avr/7.4.0/../../../../avr/lib/avr5/libm.a(divsf3.o)
                0x0000000000000d66                __divsf3
 .text.avr-libc.fplib
                0x0000000000000d6e       0xdc /usr/lib/gcc/avr/7.4.0/../../../../avr/lib/avr5/libm.a(divsf3x.o)
                0x0000000000000d8e                __divsf3x
                0x0000000000000d94                __divsf3_pse
 .text.avr-libc.fplib
                0x0000000000000e4a       0x5e /usr/lib/gcc/avr/7.4.0/../../../../avr/lib/avr5/libm.a(fixunssfsi.o)
                0x0000000000000e4a                __fixunssfsi
 .text.avr-libc.fplib
                0x0000000000000ea8        0xc /usr/lib/gcc/avr/7.4.0/../../../../avr/lib/avr5/libm.a(fp_inf.o)
                0x0000000000000ea8                __fp_inf
 .text.avr-libc.fplib
                0x0000000000000eb4        0x6 /usr/lib/gcc/avr/7.4.0/../../../../avr/lib/avr5/libm.a(fp_nan.o)
                0x0000000000000eb4                __fp_nan
 .text.avr-libc.fplib
                0x0000000000000eba        0xe /usr/lib/gcc/avr/7.4.0/../../../../avr/lib/avr5/libm.a(fp_pscA.o)
                0x0000000000000eba                __fp_pscA
 .text.avr-libc.fplib
                0x0000000000000ec8        0xe /usr/lib/gcc/avr/7.4.0/../../../../avr/lib/avr5/libm.a(fp_pscB.o)
                0x0000000000000ec8                __fp_pscB
 .text.avr-libc.fplib
                0x0000000000000ed6       0x22 /usr/lib/gcc/avr/7.4.0/../../../../avr/lib/avr5/libm.a(fp_round.o)
                0x0000000000000ed6                __fp_round
 .text.avr-libc.fplib
                0x0000000000000ef8       0x44 /usr/lib/gcc/avr/7.4.0/../../../../avr/lib/avr5/libm.a(fp_split3.o)
                0x0000000000000ef8                __fp_split3
                0x0000000000000f08                __fp_splitA
 .text.avr-libc.fplib
                0x0000000000000f3c        0xe /usr/lib/gcc/avr/7.4.0/../../../../avr/lib/avr5/libm.a(fp_zero.o)
                0x0000000000000f3c                __fp_zero
                0x0000000000000f3e                __fp_szero
 .text.avr-libc.fplib
                0x0000000000000f4a        0x8 /usr/lib/gcc/avr/7.4.0/../../../../avr/lib/avr5/libm.a(mulsf3.o)
                0x0000000000000f4a                __mulsf3
 .text.avr-libc.fplib
                0x0000000000000f52       0xd2 /usr/lib/gcc/avr/7.4.0/../../../../avr/lib/avr5/libm.a(mulsf3x.o)
                0x0000000000000f70                __mulsf3x
                0x0000000000000f76                __mulsf3_pse
                0x0000000000001024                . = ALIGN (0x2)
 *(.fini9)
 .fini9         0x0000000000001024        0x0 /usr/lib/gcc/avr/7.4.0/avr5/libgcc.a(_exit.o)
                0x0000000000001024                exit
                0x0000000000001024                _exit
 *(.fini9)
 *(.fini8)
 *(.fini8)
 *(.fini7)
 *(.fini7)
 *(.fini6)
 *(.fini6)
 *(.fini5)
 *(.fini5)
 *(.fini4)
 *(.fini4)
 *(.fini3)
 *(.fini3)
 *(.fini2)
 *(.fini2)
 *(.fini1)
 *(.fini1)
 *(.fini0)
 .fini0         0x0000000000001024        0x4 /usr/lib/gcc/avr/7.4.0/avr5/libgcc.a(_exit.o)
 *(.fini0)
 *(.hightext)
 *(.hightext*)
 *(.progmemx.*)
                0x0000000000001028                . = ALIGN (0x2)
 *(.jumptables)
 *(.jumptables*)
                0x0000000000001028                _etext = .

.data           0x0000000000800100       0x96 load address 0x0000000000001028
                0x0000000000800100                PROVIDE (__data_start = .)
 *(.data)
 .data          0x0000000000800100        0x0 /usr/lib/gcc/avr/7.4.0/../../../../avr/lib/avr5/crtatmega324pa.o
 .data          0x0000000000800100        0x0 tp9.o
 .data          0x0000000000800100        0x1 ../../lib/librob.a(memoire_24.o)
                0x0000000000800100                _ZN13Memoire24CXXX22m_adresse_peripheriqueE
 .data          0x0000000000800101        0x0 ../../lib/librob.a(interpreteur.o)
 .data          0x0000000000800101        0x0 ../../lib/librob.a(commun.o)
 .data          0x0000000000800101        0x0 ../../lib/librob.a(notes.o)
 .data          0x0000000000800101        0x0 ../../lib/librob.a(del.o)
 .data          0x0000000000800101        0x0 ../../lib/librob.a(moteur.o)
 .data          0x0000000000800101        0x0 ../../lib/librob.a(minuterie.o)
 .data          0x0000000000800101        0x0 ../../lib/librob.a(SuiveurLigneCytron_LSS05.o)
 .data          0x0000000000800101        0x0 /usr/lib/gcc/avr/7.4.0/avr5/libgcc.a(_exit.o)
 .data          0x0000000000800101        0x0 /usr/lib/gcc/avr/7.4.0/avr5/libgcc.a(_copy_data.o)
 .data          0x0000000000800101        0x0 /usr/lib/gcc/avr/7.4.0/avr5/libgcc.a(_clear_bss.o)
 .data          0x0000000000800101        0x0 /usr/lib/gcc/avr/7.4.0/avr5/libgcc.a(_ctors.o)
 .data          0x0000000000800101        0x0 /usr/lib/gcc/avr/7.4.0/avr5/libgcc.a(_tablejump2.o)
 .data          0x0000000000800101        0x0 /usr/lib/gcc/avr/7.4.0/../../../../avr/lib/avr5/libm.a(addsf3.o)
 .data          0x0000000000800101        0x0 /usr/lib/gcc/avr/7.4.0/../../../../avr/lib/avr5/libm.a(addsf3x.o)
 .data          0x0000000000800101        0x0 /usr/lib/gcc/avr/7.4.0/../../../../avr/lib/avr5/libm.a(divsf3.o)
 .data          0x0000000000800101        0x0 /usr/lib/gcc/avr/7.4.0/../../../../avr/lib/avr5/libm.a(divsf3x.o)
 .data          0x0000000000800101        0x0 /usr/lib/gcc/avr/7.4.0/../../../../avr/lib/avr5/libm.a(fixunssfsi.o)
 .data          0x0000000000800101        0x0 /usr/lib/gcc/avr/7.4.0/../../../../avr/lib/avr5/libm.a(fp_inf.o)
 .data          0x0000000000800101        0x0 /usr/lib/gcc/avr/7.4.0/../../../../avr/lib/avr5/libm.a(fp_nan.o)
 .data          0x0000000000800101        0x0 /usr/lib/gcc/avr/7.4.0/../../../../avr/lib/avr5/libm.a(fp_pscA.o)
 .data          0x0000000000800101        0x0 /usr/lib/gcc/avr/7.4.0/../../../../avr/lib/avr5/libm.a(fp_pscB.o)
 .data          0x0000000000800101        0x0 /usr/lib/gcc/avr/7.4.0/../../../../avr/lib/avr5/libm.a(fp_round.o)
 .data          0x0000000000800101        0x0 /usr/lib/gcc/avr/7.4.0/../../../../avr/lib/avr5/libm.a(fp_split3.o)
 .data          0x0000000000800101        0x0 /usr/lib/gcc/avr/7.4.0/../../../../avr/lib/avr5/libm.a(fp_zero.o)
 .data          0x0000000000800101        0x0 /usr/lib/gcc/avr/7.4.0/../../../../avr/lib/avr5/libm.a(mulsf3.o)
 .data          0x0000000000800101        0x0 /usr/lib/gcc/avr/7.4.0/../../../../avr/lib/avr5/libm.a(mulsf3x.o)
 *(.data*)
 *(.gnu.linkonce.d*)
 *(.rodata)
 .rodata        0x0000000000800101       0x94 ../../lib/librob.a(notes.o)
 *(.rodata*)
 *(.gnu.linkonce.r*)
                0x0000000000800196                . = ALIGN (0x2)
 *fill*         0x0000000000800195        0x1 
                0x0000000000800196                _edata = .
                0x0000000000800196                PROVIDE (__data_end = .)

.bss            0x0000000000800196        0x6
                0x0000000000800196                PROVIDE (__bss_start = .)
 *(.bss)
 .bss           0x0000000000800196        0x0 /usr/lib/gcc/avr/7.4.0/../../../../avr/lib/avr5/crtatmega324pa.o
 .bss           0x0000000000800196        0x6 tp9.o
                0x0000000000800196                del
 .bss           0x000000000080019c        0x0 ../../lib/librob.a(memoire_24.o)
 .bss           0x000000000080019c        0x0 ../../lib/librob.a(interpreteur.o)
 .bss           0x000000000080019c        0x0 ../../lib/librob.a(commun.o)
 .bss           0x000000000080019c        0x0 ../../lib/librob.a(notes.o)
 .bss           0x000000000080019c        0x0 ../../lib/librob.a(del.o)
 .bss           0x000000000080019c        0x0 ../../lib/librob.a(moteur.o)
 .bss           0x000000000080019c        0x0 ../../lib/librob.a(minuterie.o)
 .bss           0x000000000080019c        0x0 ../../lib/librob.a(SuiveurLigneCytron_LSS05.o)
 .bss           0x000000000080019c        0x0 /usr/lib/gcc/avr/7.4.0/avr5/libgcc.a(_exit.o)
 .bss           0x000000000080019c        0x0 /usr/lib/gcc/avr/7.4.0/avr5/libgcc.a(_copy_data.o)
 .bss           0x000000000080019c        0x0 /usr/lib/gcc/avr/7.4.0/avr5/libgcc.a(_clear_bss.o)
 .bss           0x000000000080019c        0x0 /usr/lib/gcc/avr/7.4.0/avr5/libgcc.a(_ctors.o)
 .bss           0x000000000080019c        0x0 /usr/lib/gcc/avr/7.4.0/avr5/libgcc.a(_tablejump2.o)
 .bss           0x000000000080019c        0x0 /usr/lib/gcc/avr/7.4.0/../../../../avr/lib/avr5/libm.a(addsf3.o)
 .bss           0x000000000080019c        0x0 /usr/lib/gcc/avr/7.4.0/../../../../avr/lib/avr5/libm.a(addsf3x.o)
 .bss           0x000000000080019c        0x0 /usr/lib/gcc/avr/7.4.0/../../../../avr/lib/avr5/libm.a(divsf3.o)
 .bss           0x000000000080019c        0x0 /usr/lib/gcc/avr/7.4.0/../../../../avr/lib/avr5/libm.a(divsf3x.o)
 .bss           0x000000000080019c        0x0 /usr/lib/gcc/avr/7.4.0/../../../../avr/lib/avr5/libm.a(fixunssfsi.o)
 .bss           0x000000000080019c        0x0 /usr/lib/gcc/avr/7.4.0/../../../../avr/lib/avr5/libm.a(fp_inf.o)
 .bss           0x000000000080019c        0x0 /usr/lib/gcc/avr/7.4.0/../../../../avr/lib/avr5/libm.a(fp_nan.o)
 .bss           0x000000000080019c        0x0 /usr/lib/gcc/avr/7.4.0/../../../../avr/lib/avr5/libm.a(fp_pscA.o)
 .bss           0x000000000080019c        0x0 /usr/lib/gcc/avr/7.4.0/../../../../avr/lib/avr5/libm.a(fp_pscB.o)
 .bss           0x000000000080019c        0x0 /usr/lib/gcc/avr/7.4.0/../../../../avr/lib/avr5/libm.a(fp_round.o)
 .bss           0x000000000080019c        0x0 /usr/lib/gcc/avr/7.4.0/../../../../avr/lib/avr5/libm.a(fp_split3.o)
 .bss           0x000000000080019c        0x0 /usr/lib/gcc/avr/7.4.0/../../../../avr/lib/avr5/libm.a(fp_zero.o)
 .bss           0x000000000080019c        0x0 /usr/lib/gcc/avr/7.4.0/../../../../avr/lib/avr5/libm.a(mulsf3.o)
 .bss           0x000000000080019c        0x0 /usr/lib/gcc/avr/7.4.0/../../../../avr/lib/avr5/libm.a(mulsf3x.o)
 *(.bss*)
 *(COMMON)
                0x000000000080019c                PROVIDE (__bss_end = .)
                0x0000000000001028                __data_load_start = LOADADDR (.data)
                0x00000000000010be                __data_load_end = (__data_load_start + SIZEOF (.data))

.noinit         0x000000000080019c        0x0
                [!provide]                        PROVIDE (__noinit_start = .)
 *(.noinit*)
                [!provide]                        PROVIDE (__noinit_end = .)
                0x000000000080019c                _end = .
                [!provide]                        PROVIDE (__heap_start = .)

.eeprom         0x0000000000810000        0x0
 *(.eeprom*)
                0x0000000000810000                __eeprom_end = .

.fuse
 *(.fuse)
 *(.lfuse)
 *(.hfuse)
 *(.efuse)

.lock
 *(.lock*)

.signature
 *(.signature*)

.stab           0x0000000000000000     0x5358
 *(.stab)
 .stab          0x0000000000000000      0xa14 tp9.o
 .stab          0x0000000000000a14      0xf0c ../../lib/librob.a(memoire_24.o)
                                        0xf18 (size before relaxing)
 .stab          0x0000000000001920      0x894 ../../lib/librob.a(interpreteur.o)
                                        0x8a0 (size before relaxing)
 .stab          0x00000000000021b4      0x678 ../../lib/librob.a(commun.o)
                                        0x684 (size before relaxing)
 .stab          0x000000000000282c      0x6d8 ../../lib/librob.a(notes.o)
                                        0x6e4 (size before relaxing)
 .stab          0x0000000000002f04      0x804 ../../lib/librob.a(del.o)
                                        0x810 (size before relaxing)
 .stab          0x0000000000003708      0xc18 ../../lib/librob.a(moteur.o)
                                        0xc24 (size before relaxing)
 .stab          0x0000000000004320      0x648 ../../lib/librob.a(minuterie.o)
                                        0x654 (size before relaxing)
 .stab          0x0000000000004968      0x684 ../../lib/librob.a(SuiveurLigneCytron_LSS05.o)
                                        0x690 (size before relaxing)
 .stab          0x0000000000004fec       0x6c /usr/lib/gcc/avr/7.4.0/avr5/libgcc.a(_exit.o)
                                         0x78 (size before relaxing)
 .stab          0x0000000000005058       0xd8 /usr/lib/gcc/avr/7.4.0/avr5/libgcc.a(_copy_data.o)
                                         0xe4 (size before relaxing)
 .stab          0x0000000000005130       0xb4 /usr/lib/gcc/avr/7.4.0/avr5/libgcc.a(_clear_bss.o)
                                         0xc0 (size before relaxing)
 .stab          0x00000000000051e4       0xd8 /usr/lib/gcc/avr/7.4.0/avr5/libgcc.a(_ctors.o)
                                         0xe4 (size before relaxing)
 .stab          0x00000000000052bc       0x9c /usr/lib/gcc/avr/7.4.0/avr5/libgcc.a(_tablejump2.o)
                                         0xa8 (size before relaxing)

.stabstr        0x0000000000000000     0x3e6f
 *(.stabstr)
 .stabstr       0x0000000000000000     0x3e6f tp9.o

.stab.excl
 *(.stab.excl)

.stab.exclstr
 *(.stab.exclstr)

.stab.index
 *(.stab.index)

.stab.indexstr
 *(.stab.indexstr)

.comment        0x0000000000000000       0x21
 *(.comment)
 .comment       0x0000000000000000       0x21 tp9.o
                                         0x22 (size before relaxing)
 .comment       0x0000000000000021       0x22 ../../lib/librob.a(memoire_24.o)
 .comment       0x0000000000000021       0x22 ../../lib/librob.a(interpreteur.o)
 .comment       0x0000000000000021       0x22 ../../lib/librob.a(commun.o)
 .comment       0x0000000000000021       0x22 ../../lib/librob.a(notes.o)
 .comment       0x0000000000000021       0x22 ../../lib/librob.a(del.o)
 .comment       0x0000000000000021       0x22 ../../lib/librob.a(moteur.o)
 .comment       0x0000000000000021       0x22 ../../lib/librob.a(minuterie.o)
 .comment       0x0000000000000021       0x22 ../../lib/librob.a(SuiveurLigneCytron_LSS05.o)

.note.gnu.avr.deviceinfo
                0x0000000000000000       0x40
 .note.gnu.avr.deviceinfo
                0x0000000000000000       0x40 /usr/lib/gcc/avr/7.4.0/../../../../avr/lib/avr5/crtatmega324pa.o

.note.gnu.build-id
 *(.note.gnu.build-id)

.debug
 *(.debug)

.line
 *(.line)

.debug_srcinfo
 *(.debug_srcinfo)

.debug_sfnames
 *(.debug_sfnames)

.debug_aranges
 *(.debug_aranges)

.debug_pubnames
 *(.debug_pubnames)

.debug_info     0x0000000000000000      0x6cc
 *(.debug_info .gnu.linkonce.wi.*)
 .debug_info    0x0000000000000000      0x6cc /usr/lib/gcc/avr/7.4.0/../../../../avr/lib/avr5/crtatmega324pa.o

.debug_abbrev   0x0000000000000000      0x66e
 *(.debug_abbrev)
 .debug_abbrev  0x0000000000000000      0x66e /usr/lib/gcc/avr/7.4.0/../../../../avr/lib/avr5/crtatmega324pa.o

.debug_line     0x0000000000000000       0x1d
 *(.debug_line .debug_line.* .debug_line_end)
 .debug_line    0x0000000000000000       0x1d /usr/lib/gcc/avr/7.4.0/../../../../avr/lib/avr5/crtatmega324pa.o

.debug_frame
 *(.debug_frame)

.debug_str      0x0000000000000000      0x255
 *(.debug_str)
 .debug_str     0x0000000000000000      0x255 /usr/lib/gcc/avr/7.4.0/../../../../avr/lib/avr5/crtatmega324pa.o

.debug_loc
 *(.debug_loc)

.debug_macinfo
 *(.debug_macinfo)

.debug_weaknames
 *(.debug_weaknames)

.debug_funcnames
 *(.debug_funcnames)

.debug_typenames
 *(.debug_typenames)

.debug_varnames
 *(.debug_varnames)

.debug_pubtypes
 *(.debug_pubtypes)

.debug_ranges
 *(.debug_ranges)

.debug_macro
 *(.debug_macro)

.debug_addr
 *(.debug_addr)
OUTPUT(projet.out elf32-avr)
LOAD linker stubs
